#
# **Start here… stay with the bears!**
#
. .........................
. .........................
.                     .....
..................... .....
..................... .....
..................... .....
..................... .....
..................... .....
.........             .....
......... .................
#
# **Okay, that was easy enough, let's step it up a little?**
#
......... .......... ......
.....   . .......... ......
..... . ...          .   ..
..... .     .......... . ..
..... ................ . ..
.....                  . ..
............ ...... .......
.            ...... .......
. ........... ..... .......
. .............   .........
. ................    .....
.           ........ ......
. ......... ....         ..
........... .......... ....
.           .......... ....
. .................... ....
.              ....... ....
..............        .....
..................... .....
.                     .....
. .........................
#
# **Lets make it even harder…**
#
. .........................
.   .       .   .         .
... ... ... . . . ....... .
. .   . . . . . . .   .   .
. ... . . . ... . ... . . .
.   .   . .           . . .
. ....... ........... . . .
.               .   . . . .
. . . ......... . . . . ...
. . . .       . . .   .   .
... . . ..... . . ....... .
.   . . .   . . . .     . .
. ... . ... . . . . ... . .
. .   .   . . . . . .   . .
. ....... . . . . . ... . .
.   .     . .   . .   .   .
. ... ..... ......... ... .
. .                   .   .
. .........................
#
# **Good luck!**
#
. .........................
. .....      ..     ..    .
. ..... .... ... .. .. .. .
.. ... ... . ..  .. .. .. .
...   ....      ...    .. .
......................... .
.......   ... .  . . . .. .
.. ...  . .  .  . . . .   .
. .   ....  . .... ...... .
. .........................
#
# **Congrats, you made it!**
#
